// Jest Snapshot v1, https://goo.gl/fbAQLP

exports[`Empty card list 1`] = `
<div
  className="MuiGrid-root MuiGrid-container MuiGrid-align-items-xs-center MuiGrid-justify-xs-center"
/>
`;

exports[`Update places 1`] = `
<div
  className="MuiGrid-root MuiGrid-container MuiGrid-align-items-xs-center MuiGrid-justify-xs-center"
>
  <div
    className="MuiGrid-root MuiGrid-item MuiGrid-grid-xs-12 MuiGrid-grid-md-4 MuiGrid-grid-lg-4"
  >
    <div
      align="center"
      className="MuiPaper-root MuiCard-root makeStyles-card-1 MuiPaper-elevation1 MuiPaper-rounded"
    >
      <div
        className="MuiCardHeader-root makeStyles-header-2"
      >
        <div
          className="MuiCardHeader-avatar"
        >
          <div
            className="MuiAvatar-root MuiAvatar-circle makeStyles-avatar-3 MuiAvatar-colorDefault"
          >
            0
          </div>
        </div>
        <div
          className="MuiCardHeader-content"
        >
          <span
            className="MuiTypography-root MuiCardHeader-title MuiTypography-h6 MuiTypography-displayBlock"
          >
            
          </span>
        </div>
      </div>
      <div
        className="MuiCardActions-root makeStyles-actions-4"
      >
        <span
          aria-describedby={null}
          aria-label="0 Stars"
          className="MuiRating-root MuiRating-readOnly"
          onBlur={[Function]}
          onFocus={[Function]}
          onMouseLeave={[Function]}
          onMouseMove={[Function]}
          onMouseOver={[Function]}
          onTouchEnd={[Function]}
          onTouchStart={[Function]}
          role="img"
          title={null}
        >
          <span
            className="MuiRating-decimal"
          >
            <span
              style={
                Object {
                  "overflow": "hidden",
                  "position": "absolute",
                  "width": "0%",
                  "zIndex": 1,
                }
              }
            >
              <span
                className="MuiRating-icon MuiRating-iconEmpty"
              >
                <svg
                  aria-hidden={true}
                  className="MuiSvgIcon-root MuiSvgIcon-fontSizeInherit"
                  focusable="false"
                  viewBox="0 0 24 24"
                >
                  <path
                    d="M12 17.27L18.18 21l-1.64-7.03L22 9.24l-7.19-.61L12 2 9.19 8.63 2 9.24l5.46 4.73L5.82 21z"
                  />
                </svg>
              </span>
            </span>
            <span
              style={Object {}}
            >
              <span
                className="MuiRating-icon MuiRating-iconEmpty"
              >
                <svg
                  aria-hidden={true}
                  className="MuiSvgIcon-root MuiSvgIcon-fontSizeInherit"
                  focusable="false"
                  viewBox="0 0 24 24"
                >
                  <path
                    d="M12 17.27L18.18 21l-1.64-7.03L22 9.24l-7.19-.61L12 2 9.19 8.63 2 9.24l5.46 4.73L5.82 21z"
                  />
                </svg>
              </span>
            </span>
          </span>
          <span
            className="MuiRating-decimal"
          >
            <span
              style={
                Object {
                  "overflow": "hidden",
                  "position": "absolute",
                  "width": "0%",
                  "zIndex": 1,
                }
              }
            >
              <span
                className="MuiRating-icon MuiRating-iconEmpty"
              >
                <svg
                  aria-hidden={true}
                  className="MuiSvgIcon-root MuiSvgIcon-fontSizeInherit"
                  focusable="false"
                  viewBox="0 0 24 24"
                >
                  <path
                    d="M12 17.27L18.18 21l-1.64-7.03L22 9.24l-7.19-.61L12 2 9.19 8.63 2 9.24l5.46 4.73L5.82 21z"
                  />
                </svg>
              </span>
            </span>
            <span
              style={Object {}}
            >
              <span
                className="MuiRating-icon MuiRating-iconEmpty"
              >
                <svg
                  aria-hidden={true}
                  className="MuiSvgIcon-root MuiSvgIcon-fontSizeInherit"
                  focusable="false"
                  viewBox="0 0 24 24"
                >
                  <path
                    d="M12 17.27L18.18 21l-1.64-7.03L22 9.24l-7.19-.61L12 2 9.19 8.63 2 9.24l5.46 4.73L5.82 21z"
                  />
                </svg>
              </span>
            </span>
          </span>
          <span
            className="MuiRating-decimal"
          >
            <span
              style={
                Object {
                  "overflow": "hidden",
                  "position": "absolute",
                  "width": "0%",
                  "zIndex": 1,
                }
              }
            >
              <span
                className="MuiRating-icon MuiRating-iconEmpty"
              >
                <svg
                  aria-hidden={true}
                  className="MuiSvgIcon-root MuiSvgIcon-fontSizeInherit"
                  focusable="false"
                  viewBox="0 0 24 24"
                >
                  <path
                    d="M12 17.27L18.18 21l-1.64-7.03L22 9.24l-7.19-.61L12 2 9.19 8.63 2 9.24l5.46 4.73L5.82 21z"
                  />
                </svg>
              </span>
            </span>
            <span
              style={Object {}}
            >
              <span
                className="MuiRating-icon MuiRating-iconEmpty"
              >
                <svg
                  aria-hidden={true}
                  className="MuiSvgIcon-root MuiSvgIcon-fontSizeInherit"
                  focusable="false"
                  viewBox="0 0 24 24"
                >
                  <path
                    d="M12 17.27L18.18 21l-1.64-7.03L22 9.24l-7.19-.61L12 2 9.19 8.63 2 9.24l5.46 4.73L5.82 21z"
                  />
                </svg>
              </span>
            </span>
          </span>
          <span
            className="MuiRating-decimal"
          >
            <span
              style={
                Object {
                  "overflow": "hidden",
                  "position": "absolute",
                  "width": "0%",
                  "zIndex": 1,
                }
              }
            >
              <span
                className="MuiRating-icon MuiRating-iconEmpty"
              >
                <svg
                  aria-hidden={true}
                  className="MuiSvgIcon-root MuiSvgIcon-fontSizeInherit"
                  focusable="false"
                  viewBox="0 0 24 24"
                >
                  <path
                    d="M12 17.27L18.18 21l-1.64-7.03L22 9.24l-7.19-.61L12 2 9.19 8.63 2 9.24l5.46 4.73L5.82 21z"
                  />
                </svg>
              </span>
            </span>
            <span
              style={Object {}}
            >
              <span
                className="MuiRating-icon MuiRating-iconEmpty"
              >
                <svg
                  aria-hidden={true}
                  className="MuiSvgIcon-root MuiSvgIcon-fontSizeInherit"
                  focusable="false"
                  viewBox="0 0 24 24"
                >
                  <path
                    d="M12 17.27L18.18 21l-1.64-7.03L22 9.24l-7.19-.61L12 2 9.19 8.63 2 9.24l5.46 4.73L5.82 21z"
                  />
                </svg>
              </span>
            </span>
          </span>
          <span
            className="MuiRating-decimal"
          >
            <span
              style={
                Object {
                  "overflow": "hidden",
                  "position": "absolute",
                  "width": "0%",
                  "zIndex": 1,
                }
              }
            >
              <span
                className="MuiRating-icon MuiRating-iconEmpty"
              >
                <svg
                  aria-hidden={true}
                  className="MuiSvgIcon-root MuiSvgIcon-fontSizeInherit"
                  focusable="false"
                  viewBox="0 0 24 24"
                >
                  <path
                    d="M12 17.27L18.18 21l-1.64-7.03L22 9.24l-7.19-.61L12 2 9.19 8.63 2 9.24l5.46 4.73L5.82 21z"
                  />
                </svg>
              </span>
            </span>
            <span
              style={Object {}}
            >
              <span
                className="MuiRating-icon MuiRating-iconEmpty"
              >
                <svg
                  aria-hidden={true}
                  className="MuiSvgIcon-root MuiSvgIcon-fontSizeInherit"
                  focusable="false"
                  viewBox="0 0 24 24"
                >
                  <path
                    d="M12 17.27L18.18 21l-1.64-7.03L22 9.24l-7.19-.61L12 2 9.19 8.63 2 9.24l5.46 4.73L5.82 21z"
                  />
                </svg>
              </span>
            </span>
          </span>
        </span>
        <button
          aria-describedby={null}
          className="MuiButtonBase-root MuiIconButton-root makeStyles-button-5"
          disabled={false}
          href=""
          onBlur={[Function]}
          onDragLeave={[Function]}
          onFocus={[Function]}
          onKeyDown={[Function]}
          onKeyUp={[Function]}
          onMouseDown={[Function]}
          onMouseLeave={[Function]}
          onMouseOver={[Function]}
          onMouseUp={[Function]}
          onTouchEnd={[Function]}
          onTouchMove={[Function]}
          onTouchStart={[Function]}
          tabIndex={0}
          target="_blank"
          title="Open GoogleMap"
          type="button"
        >
          <span
            className="MuiIconButton-label"
          >
            <svg
              aria-hidden={true}
              className="MuiSvgIcon-root"
              focusable="false"
              viewBox="0 0 24 24"
            >
              <path
                d="M20.5 3l-.16.03L15 5.1 9 3 3.36 4.9c-.21.07-.36.25-.36.48V20.5c0 .28.22.5.5.5l.16-.03L9 18.9l6 2.1 5.64-1.9c.21-.07.36-.25.36-.48V3.5c0-.28-.22-.5-.5-.5zM15 19l-6-2.11V5l6 2.11V19z"
              />
            </svg>
          </span>
          <span
            className="MuiTouchRipple-root"
          />
        </button>
      </div>
    </div>
  </div>
  <div
    className="MuiGrid-root MuiGrid-item MuiGrid-grid-xs-12 MuiGrid-grid-md-4 MuiGrid-grid-lg-4"
  >
    <div
      align="center"
      className="MuiPaper-root MuiCard-root makeStyles-card-1 MuiPaper-elevation1 MuiPaper-rounded"
    >
      <div
        className="MuiCardHeader-root makeStyles-header-2"
      >
        <div
          className="MuiCardHeader-avatar"
        >
          <div
            className="MuiAvatar-root MuiAvatar-circle makeStyles-avatar-3 MuiAvatar-colorDefault"
          >
            1
          </div>
        </div>
        <div
          className="MuiCardHeader-content"
        >
          <span
            className="MuiTypography-root MuiCardHeader-title MuiTypography-h6 MuiTypography-displayBlock"
          >
            
          </span>
        </div>
      </div>
      <div
        className="MuiCardActions-root makeStyles-actions-4"
      >
        <span
          aria-describedby={null}
          aria-label="4 Stars"
          className="MuiRating-root MuiRating-readOnly"
          onBlur={[Function]}
          onFocus={[Function]}
          onMouseLeave={[Function]}
          onMouseMove={[Function]}
          onMouseOver={[Function]}
          onTouchEnd={[Function]}
          onTouchStart={[Function]}
          role="img"
          title={null}
        >
          <span
            className="MuiRating-decimal"
          >
            <span
              style={
                Object {
                  "overflow": "hidden",
                  "position": "absolute",
                  "width": "0%",
                  "zIndex": 1,
                }
              }
            >
              <span
                className="MuiRating-icon MuiRating-iconFilled"
              >
                <svg
                  aria-hidden={true}
                  className="MuiSvgIcon-root MuiSvgIcon-fontSizeInherit"
                  focusable="false"
                  viewBox="0 0 24 24"
                >
                  <path
                    d="M12 17.27L18.18 21l-1.64-7.03L22 9.24l-7.19-.61L12 2 9.19 8.63 2 9.24l5.46 4.73L5.82 21z"
                  />
                </svg>
              </span>
            </span>
            <span
              style={Object {}}
            >
              <span
                className="MuiRating-icon MuiRating-iconFilled"
              >
                <svg
                  aria-hidden={true}
                  className="MuiSvgIcon-root MuiSvgIcon-fontSizeInherit"
                  focusable="false"
                  viewBox="0 0 24 24"
                >
                  <path
                    d="M12 17.27L18.18 21l-1.64-7.03L22 9.24l-7.19-.61L12 2 9.19 8.63 2 9.24l5.46 4.73L5.82 21z"
                  />
                </svg>
              </span>
            </span>
          </span>
          <span
            className="MuiRating-decimal"
          >
            <span
              style={
                Object {
                  "overflow": "hidden",
                  "position": "absolute",
                  "width": "0%",
                  "zIndex": 1,
                }
              }
            >
              <span
                className="MuiRating-icon MuiRating-iconFilled"
              >
                <svg
                  aria-hidden={true}
                  className="MuiSvgIcon-root MuiSvgIcon-fontSizeInherit"
                  focusable="false"
                  viewBox="0 0 24 24"
                >
                  <path
                    d="M12 17.27L18.18 21l-1.64-7.03L22 9.24l-7.19-.61L12 2 9.19 8.63 2 9.24l5.46 4.73L5.82 21z"
                  />
                </svg>
              </span>
            </span>
            <span
              style={Object {}}
            >
              <span
                className="MuiRating-icon MuiRating-iconFilled"
              >
                <svg
                  aria-hidden={true}
                  className="MuiSvgIcon-root MuiSvgIcon-fontSizeInherit"
                  focusable="false"
                  viewBox="0 0 24 24"
                >
                  <path
                    d="M12 17.27L18.18 21l-1.64-7.03L22 9.24l-7.19-.61L12 2 9.19 8.63 2 9.24l5.46 4.73L5.82 21z"
                  />
                </svg>
              </span>
            </span>
          </span>
          <span
            className="MuiRating-decimal"
          >
            <span
              style={
                Object {
                  "overflow": "hidden",
                  "position": "absolute",
                  "width": "0%",
                  "zIndex": 1,
                }
              }
            >
              <span
                className="MuiRating-icon MuiRating-iconFilled"
              >
                <svg
                  aria-hidden={true}
                  className="MuiSvgIcon-root MuiSvgIcon-fontSizeInherit"
                  focusable="false"
                  viewBox="0 0 24 24"
                >
                  <path
                    d="M12 17.27L18.18 21l-1.64-7.03L22 9.24l-7.19-.61L12 2 9.19 8.63 2 9.24l5.46 4.73L5.82 21z"
                  />
                </svg>
              </span>
            </span>
            <span
              style={Object {}}
            >
              <span
                className="MuiRating-icon MuiRating-iconFilled"
              >
                <svg
                  aria-hidden={true}
                  className="MuiSvgIcon-root MuiSvgIcon-fontSizeInherit"
                  focusable="false"
                  viewBox="0 0 24 24"
                >
                  <path
                    d="M12 17.27L18.18 21l-1.64-7.03L22 9.24l-7.19-.61L12 2 9.19 8.63 2 9.24l5.46 4.73L5.82 21z"
                  />
                </svg>
              </span>
            </span>
          </span>
          <span
            className="MuiRating-decimal"
          >
            <span
              style={
                Object {
                  "overflow": "hidden",
                  "position": "absolute",
                  "width": "0%",
                  "zIndex": 1,
                }
              }
            >
              <span
                className="MuiRating-icon MuiRating-iconFilled"
              >
                <svg
                  aria-hidden={true}
                  className="MuiSvgIcon-root MuiSvgIcon-fontSizeInherit"
                  focusable="false"
                  viewBox="0 0 24 24"
                >
                  <path
                    d="M12 17.27L18.18 21l-1.64-7.03L22 9.24l-7.19-.61L12 2 9.19 8.63 2 9.24l5.46 4.73L5.82 21z"
                  />
                </svg>
              </span>
            </span>
            <span
              style={Object {}}
            >
              <span
                className="MuiRating-icon MuiRating-iconFilled"
              >
                <svg
                  aria-hidden={true}
                  className="MuiSvgIcon-root MuiSvgIcon-fontSizeInherit"
                  focusable="false"
                  viewBox="0 0 24 24"
                >
                  <path
                    d="M12 17.27L18.18 21l-1.64-7.03L22 9.24l-7.19-.61L12 2 9.19 8.63 2 9.24l5.46 4.73L5.82 21z"
                  />
                </svg>
              </span>
            </span>
          </span>
          <span
            className="MuiRating-decimal"
          >
            <span
              style={
                Object {
                  "overflow": "hidden",
                  "position": "absolute",
                  "width": "0%",
                  "zIndex": 1,
                }
              }
            >
              <span
                className="MuiRating-icon MuiRating-iconEmpty"
              >
                <svg
                  aria-hidden={true}
                  className="MuiSvgIcon-root MuiSvgIcon-fontSizeInherit"
                  focusable="false"
                  viewBox="0 0 24 24"
                >
                  <path
                    d="M12 17.27L18.18 21l-1.64-7.03L22 9.24l-7.19-.61L12 2 9.19 8.63 2 9.24l5.46 4.73L5.82 21z"
                  />
                </svg>
              </span>
            </span>
            <span
              style={Object {}}
            >
              <span
                className="MuiRating-icon MuiRating-iconEmpty"
              >
                <svg
                  aria-hidden={true}
                  className="MuiSvgIcon-root MuiSvgIcon-fontSizeInherit"
                  focusable="false"
                  viewBox="0 0 24 24"
                >
                  <path
                    d="M12 17.27L18.18 21l-1.64-7.03L22 9.24l-7.19-.61L12 2 9.19 8.63 2 9.24l5.46 4.73L5.82 21z"
                  />
                </svg>
              </span>
            </span>
          </span>
        </span>
        <button
          aria-describedby={null}
          className="MuiButtonBase-root MuiIconButton-root makeStyles-button-5"
          disabled={false}
          href=""
          onBlur={[Function]}
          onDragLeave={[Function]}
          onFocus={[Function]}
          onKeyDown={[Function]}
          onKeyUp={[Function]}
          onMouseDown={[Function]}
          onMouseLeave={[Function]}
          onMouseOver={[Function]}
          onMouseUp={[Function]}
          onTouchEnd={[Function]}
          onTouchMove={[Function]}
          onTouchStart={[Function]}
          tabIndex={0}
          target="_blank"
          title="Open GoogleMap"
          type="button"
        >
          <span
            className="MuiIconButton-label"
          >
            <svg
              aria-hidden={true}
              className="MuiSvgIcon-root"
              focusable="false"
              viewBox="0 0 24 24"
            >
              <path
                d="M20.5 3l-.16.03L15 5.1 9 3 3.36 4.9c-.21.07-.36.25-.36.48V20.5c0 .28.22.5.5.5l.16-.03L9 18.9l6 2.1 5.64-1.9c.21-.07.36-.25.36-.48V3.5c0-.28-.22-.5-.5-.5zM15 19l-6-2.11V5l6 2.11V19z"
              />
            </svg>
          </span>
          <span
            className="MuiTouchRipple-root"
          />
        </button>
      </div>
    </div>
  </div>
</div>
`;

exports[`Update places 2`] = `
<div
  className="MuiGrid-root MuiGrid-container MuiGrid-align-items-xs-center MuiGrid-justify-xs-center"
>
  <div
    className="MuiGrid-root MuiGrid-item MuiGrid-grid-xs-12 MuiGrid-grid-md-4 MuiGrid-grid-lg-4"
  >
    <div
      align="center"
      className="MuiPaper-root MuiCard-root makeStyles-card-1 MuiPaper-elevation1 MuiPaper-rounded"
    >
      <div
        className="MuiCardHeader-root makeStyles-header-2"
      >
        <div
          className="MuiCardHeader-avatar"
        >
          <div
            className="MuiAvatar-root MuiAvatar-circle makeStyles-avatar-3 MuiAvatar-colorDefault"
          >
            0
          </div>
        </div>
        <div
          className="MuiCardHeader-content"
        >
          <span
            className="MuiTypography-root MuiCardHeader-title MuiTypography-h6 MuiTypography-displayBlock"
          >
            
          </span>
        </div>
      </div>
      <div
        className="MuiCardActions-root makeStyles-actions-4"
      >
        <span
          aria-describedby={null}
          aria-label="4 Stars"
          className="MuiRating-root MuiRating-readOnly"
          onBlur={[Function]}
          onFocus={[Function]}
          onMouseLeave={[Function]}
          onMouseMove={[Function]}
          onMouseOver={[Function]}
          onTouchEnd={[Function]}
          onTouchStart={[Function]}
          role="img"
          title={null}
        >
          <span
            className="MuiRating-decimal"
          >
            <span
              style={
                Object {
                  "overflow": "hidden",
                  "position": "absolute",
                  "width": "0%",
                  "zIndex": 1,
                }
              }
            >
              <span
                className="MuiRating-icon MuiRating-iconFilled"
              >
                <svg
                  aria-hidden={true}
                  className="MuiSvgIcon-root MuiSvgIcon-fontSizeInherit"
                  focusable="false"
                  viewBox="0 0 24 24"
                >
                  <path
                    d="M12 17.27L18.18 21l-1.64-7.03L22 9.24l-7.19-.61L12 2 9.19 8.63 2 9.24l5.46 4.73L5.82 21z"
                  />
                </svg>
              </span>
            </span>
            <span
              style={Object {}}
            >
              <span
                className="MuiRating-icon MuiRating-iconFilled"
              >
                <svg
                  aria-hidden={true}
                  className="MuiSvgIcon-root MuiSvgIcon-fontSizeInherit"
                  focusable="false"
                  viewBox="0 0 24 24"
                >
                  <path
                    d="M12 17.27L18.18 21l-1.64-7.03L22 9.24l-7.19-.61L12 2 9.19 8.63 2 9.24l5.46 4.73L5.82 21z"
                  />
                </svg>
              </span>
            </span>
          </span>
          <span
            className="MuiRating-decimal"
          >
            <span
              style={
                Object {
                  "overflow": "hidden",
                  "position": "absolute",
                  "width": "0%",
                  "zIndex": 1,
                }
              }
            >
              <span
                className="MuiRating-icon MuiRating-iconFilled"
              >
                <svg
                  aria-hidden={true}
                  className="MuiSvgIcon-root MuiSvgIcon-fontSizeInherit"
                  focusable="false"
                  viewBox="0 0 24 24"
                >
                  <path
                    d="M12 17.27L18.18 21l-1.64-7.03L22 9.24l-7.19-.61L12 2 9.19 8.63 2 9.24l5.46 4.73L5.82 21z"
                  />
                </svg>
              </span>
            </span>
            <span
              style={Object {}}
            >
              <span
                className="MuiRating-icon MuiRating-iconFilled"
              >
                <svg
                  aria-hidden={true}
                  className="MuiSvgIcon-root MuiSvgIcon-fontSizeInherit"
                  focusable="false"
                  viewBox="0 0 24 24"
                >
                  <path
                    d="M12 17.27L18.18 21l-1.64-7.03L22 9.24l-7.19-.61L12 2 9.19 8.63 2 9.24l5.46 4.73L5.82 21z"
                  />
                </svg>
              </span>
            </span>
          </span>
          <span
            className="MuiRating-decimal"
          >
            <span
              style={
                Object {
                  "overflow": "hidden",
                  "position": "absolute",
                  "width": "0%",
                  "zIndex": 1,
                }
              }
            >
              <span
                className="MuiRating-icon MuiRating-iconFilled"
              >
                <svg
                  aria-hidden={true}
                  className="MuiSvgIcon-root MuiSvgIcon-fontSizeInherit"
                  focusable="false"
                  viewBox="0 0 24 24"
                >
                  <path
                    d="M12 17.27L18.18 21l-1.64-7.03L22 9.24l-7.19-.61L12 2 9.19 8.63 2 9.24l5.46 4.73L5.82 21z"
                  />
                </svg>
              </span>
            </span>
            <span
              style={Object {}}
            >
              <span
                className="MuiRating-icon MuiRating-iconFilled"
              >
                <svg
                  aria-hidden={true}
                  className="MuiSvgIcon-root MuiSvgIcon-fontSizeInherit"
                  focusable="false"
                  viewBox="0 0 24 24"
                >
                  <path
                    d="M12 17.27L18.18 21l-1.64-7.03L22 9.24l-7.19-.61L12 2 9.19 8.63 2 9.24l5.46 4.73L5.82 21z"
                  />
                </svg>
              </span>
            </span>
          </span>
          <span
            className="MuiRating-decimal"
          >
            <span
              style={
                Object {
                  "overflow": "hidden",
                  "position": "absolute",
                  "width": "0%",
                  "zIndex": 1,
                }
              }
            >
              <span
                className="MuiRating-icon MuiRating-iconFilled"
              >
                <svg
                  aria-hidden={true}
                  className="MuiSvgIcon-root MuiSvgIcon-fontSizeInherit"
                  focusable="false"
                  viewBox="0 0 24 24"
                >
                  <path
                    d="M12 17.27L18.18 21l-1.64-7.03L22 9.24l-7.19-.61L12 2 9.19 8.63 2 9.24l5.46 4.73L5.82 21z"
                  />
                </svg>
              </span>
            </span>
            <span
              style={Object {}}
            >
              <span
                className="MuiRating-icon MuiRating-iconFilled"
              >
                <svg
                  aria-hidden={true}
                  className="MuiSvgIcon-root MuiSvgIcon-fontSizeInherit"
                  focusable="false"
                  viewBox="0 0 24 24"
                >
                  <path
                    d="M12 17.27L18.18 21l-1.64-7.03L22 9.24l-7.19-.61L12 2 9.19 8.63 2 9.24l5.46 4.73L5.82 21z"
                  />
                </svg>
              </span>
            </span>
          </span>
          <span
            className="MuiRating-decimal"
          >
            <span
              style={
                Object {
                  "overflow": "hidden",
                  "position": "absolute",
                  "width": "0%",
                  "zIndex": 1,
                }
              }
            >
              <span
                className="MuiRating-icon MuiRating-iconEmpty"
              >
                <svg
                  aria-hidden={true}
                  className="MuiSvgIcon-root MuiSvgIcon-fontSizeInherit"
                  focusable="false"
                  viewBox="0 0 24 24"
                >
                  <path
                    d="M12 17.27L18.18 21l-1.64-7.03L22 9.24l-7.19-.61L12 2 9.19 8.63 2 9.24l5.46 4.73L5.82 21z"
                  />
                </svg>
              </span>
            </span>
            <span
              style={Object {}}
            >
              <span
                className="MuiRating-icon MuiRating-iconEmpty"
              >
                <svg
                  aria-hidden={true}
                  className="MuiSvgIcon-root MuiSvgIcon-fontSizeInherit"
                  focusable="false"
                  viewBox="0 0 24 24"
                >
                  <path
                    d="M12 17.27L18.18 21l-1.64-7.03L22 9.24l-7.19-.61L12 2 9.19 8.63 2 9.24l5.46 4.73L5.82 21z"
                  />
                </svg>
              </span>
            </span>
          </span>
        </span>
        <button
          aria-describedby={null}
          className="MuiButtonBase-root MuiIconButton-root makeStyles-button-5"
          disabled={false}
          href=""
          onBlur={[Function]}
          onDragLeave={[Function]}
          onFocus={[Function]}
          onKeyDown={[Function]}
          onKeyUp={[Function]}
          onMouseDown={[Function]}
          onMouseLeave={[Function]}
          onMouseOver={[Function]}
          onMouseUp={[Function]}
          onTouchEnd={[Function]}
          onTouchMove={[Function]}
          onTouchStart={[Function]}
          tabIndex={0}
          target="_blank"
          title="Open GoogleMap"
          type="button"
        >
          <span
            className="MuiIconButton-label"
          >
            <svg
              aria-hidden={true}
              className="MuiSvgIcon-root"
              focusable="false"
              viewBox="0 0 24 24"
            >
              <path
                d="M20.5 3l-.16.03L15 5.1 9 3 3.36 4.9c-.21.07-.36.25-.36.48V20.5c0 .28.22.5.5.5l.16-.03L9 18.9l6 2.1 5.64-1.9c.21-.07.36-.25.36-.48V3.5c0-.28-.22-.5-.5-.5zM15 19l-6-2.11V5l6 2.11V19z"
              />
            </svg>
          </span>
          <span
            className="MuiTouchRipple-root"
          />
        </button>
      </div>
    </div>
  </div>
  <div
    className="MuiGrid-root MuiGrid-item MuiGrid-grid-xs-12 MuiGrid-grid-md-4 MuiGrid-grid-lg-4"
  >
    <div
      align="center"
      className="MuiPaper-root MuiCard-root makeStyles-card-1 MuiPaper-elevation1 MuiPaper-rounded"
    >
      <div
        className="MuiCardHeader-root makeStyles-header-2"
      >
        <div
          className="MuiCardHeader-avatar"
        >
          <div
            className="MuiAvatar-root MuiAvatar-circle makeStyles-avatar-3 MuiAvatar-colorDefault"
          >
            1
          </div>
        </div>
        <div
          className="MuiCardHeader-content"
        >
          <span
            className="MuiTypography-root MuiCardHeader-title MuiTypography-h6 MuiTypography-displayBlock"
          >
            
          </span>
        </div>
      </div>
      <div
        className="MuiCardActions-root makeStyles-actions-4"
      >
        <span
          aria-describedby={null}
          aria-label="0 Stars"
          className="MuiRating-root MuiRating-readOnly"
          onBlur={[Function]}
          onFocus={[Function]}
          onMouseLeave={[Function]}
          onMouseMove={[Function]}
          onMouseOver={[Function]}
          onTouchEnd={[Function]}
          onTouchStart={[Function]}
          role="img"
          title={null}
        >
          <span
            className="MuiRating-decimal"
          >
            <span
              style={
                Object {
                  "overflow": "hidden",
                  "position": "absolute",
                  "width": "0%",
                  "zIndex": 1,
                }
              }
            >
              <span
                className="MuiRating-icon MuiRating-iconEmpty"
              >
                <svg
                  aria-hidden={true}
                  className="MuiSvgIcon-root MuiSvgIcon-fontSizeInherit"
                  focusable="false"
                  viewBox="0 0 24 24"
                >
                  <path
                    d="M12 17.27L18.18 21l-1.64-7.03L22 9.24l-7.19-.61L12 2 9.19 8.63 2 9.24l5.46 4.73L5.82 21z"
                  />
                </svg>
              </span>
            </span>
            <span
              style={Object {}}
            >
              <span
                className="MuiRating-icon MuiRating-iconEmpty"
              >
                <svg
                  aria-hidden={true}
                  className="MuiSvgIcon-root MuiSvgIcon-fontSizeInherit"
                  focusable="false"
                  viewBox="0 0 24 24"
                >
                  <path
                    d="M12 17.27L18.18 21l-1.64-7.03L22 9.24l-7.19-.61L12 2 9.19 8.63 2 9.24l5.46 4.73L5.82 21z"
                  />
                </svg>
              </span>
            </span>
          </span>
          <span
            className="MuiRating-decimal"
          >
            <span
              style={
                Object {
                  "overflow": "hidden",
                  "position": "absolute",
                  "width": "0%",
                  "zIndex": 1,
                }
              }
            >
              <span
                className="MuiRating-icon MuiRating-iconEmpty"
              >
                <svg
                  aria-hidden={true}
                  className="MuiSvgIcon-root MuiSvgIcon-fontSizeInherit"
                  focusable="false"
                  viewBox="0 0 24 24"
                >
                  <path
                    d="M12 17.27L18.18 21l-1.64-7.03L22 9.24l-7.19-.61L12 2 9.19 8.63 2 9.24l5.46 4.73L5.82 21z"
                  />
                </svg>
              </span>
            </span>
            <span
              style={Object {}}
            >
              <span
                className="MuiRating-icon MuiRating-iconEmpty"
              >
                <svg
                  aria-hidden={true}
                  className="MuiSvgIcon-root MuiSvgIcon-fontSizeInherit"
                  focusable="false"
                  viewBox="0 0 24 24"
                >
                  <path
                    d="M12 17.27L18.18 21l-1.64-7.03L22 9.24l-7.19-.61L12 2 9.19 8.63 2 9.24l5.46 4.73L5.82 21z"
                  />
                </svg>
              </span>
            </span>
          </span>
          <span
            className="MuiRating-decimal"
          >
            <span
              style={
                Object {
                  "overflow": "hidden",
                  "position": "absolute",
                  "width": "0%",
                  "zIndex": 1,
                }
              }
            >
              <span
                className="MuiRating-icon MuiRating-iconEmpty"
              >
                <svg
                  aria-hidden={true}
                  className="MuiSvgIcon-root MuiSvgIcon-fontSizeInherit"
                  focusable="false"
                  viewBox="0 0 24 24"
                >
                  <path
                    d="M12 17.27L18.18 21l-1.64-7.03L22 9.24l-7.19-.61L12 2 9.19 8.63 2 9.24l5.46 4.73L5.82 21z"
                  />
                </svg>
              </span>
            </span>
            <span
              style={Object {}}
            >
              <span
                className="MuiRating-icon MuiRating-iconEmpty"
              >
                <svg
                  aria-hidden={true}
                  className="MuiSvgIcon-root MuiSvgIcon-fontSizeInherit"
                  focusable="false"
                  viewBox="0 0 24 24"
                >
                  <path
                    d="M12 17.27L18.18 21l-1.64-7.03L22 9.24l-7.19-.61L12 2 9.19 8.63 2 9.24l5.46 4.73L5.82 21z"
                  />
                </svg>
              </span>
            </span>
          </span>
          <span
            className="MuiRating-decimal"
          >
            <span
              style={
                Object {
                  "overflow": "hidden",
                  "position": "absolute",
                  "width": "0%",
                  "zIndex": 1,
                }
              }
            >
              <span
                className="MuiRating-icon MuiRating-iconEmpty"
              >
                <svg
                  aria-hidden={true}
                  className="MuiSvgIcon-root MuiSvgIcon-fontSizeInherit"
                  focusable="false"
                  viewBox="0 0 24 24"
                >
                  <path
                    d="M12 17.27L18.18 21l-1.64-7.03L22 9.24l-7.19-.61L12 2 9.19 8.63 2 9.24l5.46 4.73L5.82 21z"
                  />
                </svg>
              </span>
            </span>
            <span
              style={Object {}}
            >
              <span
                className="MuiRating-icon MuiRating-iconEmpty"
              >
                <svg
                  aria-hidden={true}
                  className="MuiSvgIcon-root MuiSvgIcon-fontSizeInherit"
                  focusable="false"
                  viewBox="0 0 24 24"
                >
                  <path
                    d="M12 17.27L18.18 21l-1.64-7.03L22 9.24l-7.19-.61L12 2 9.19 8.63 2 9.24l5.46 4.73L5.82 21z"
                  />
                </svg>
              </span>
            </span>
          </span>
          <span
            className="MuiRating-decimal"
          >
            <span
              style={
                Object {
                  "overflow": "hidden",
                  "position": "absolute",
                  "width": "0%",
                  "zIndex": 1,
                }
              }
            >
              <span
                className="MuiRating-icon MuiRating-iconEmpty"
              >
                <svg
                  aria-hidden={true}
                  className="MuiSvgIcon-root MuiSvgIcon-fontSizeInherit"
                  focusable="false"
                  viewBox="0 0 24 24"
                >
                  <path
                    d="M12 17.27L18.18 21l-1.64-7.03L22 9.24l-7.19-.61L12 2 9.19 8.63 2 9.24l5.46 4.73L5.82 21z"
                  />
                </svg>
              </span>
            </span>
            <span
              style={Object {}}
            >
              <span
                className="MuiRating-icon MuiRating-iconEmpty"
              >
                <svg
                  aria-hidden={true}
                  className="MuiSvgIcon-root MuiSvgIcon-fontSizeInherit"
                  focusable="false"
                  viewBox="0 0 24 24"
                >
                  <path
                    d="M12 17.27L18.18 21l-1.64-7.03L22 9.24l-7.19-.61L12 2 9.19 8.63 2 9.24l5.46 4.73L5.82 21z"
                  />
                </svg>
              </span>
            </span>
          </span>
        </span>
        <button
          aria-describedby={null}
          className="MuiButtonBase-root MuiIconButton-root makeStyles-button-5"
          disabled={false}
          href=""
          onBlur={[Function]}
          onDragLeave={[Function]}
          onFocus={[Function]}
          onKeyDown={[Function]}
          onKeyUp={[Function]}
          onMouseDown={[Function]}
          onMouseLeave={[Function]}
          onMouseOver={[Function]}
          onMouseUp={[Function]}
          onTouchEnd={[Function]}
          onTouchMove={[Function]}
          onTouchStart={[Function]}
          tabIndex={0}
          target="_blank"
          title="Open GoogleMap"
          type="button"
        >
          <span
            className="MuiIconButton-label"
          >
            <svg
              aria-hidden={true}
              className="MuiSvgIcon-root"
              focusable="false"
              viewBox="0 0 24 24"
            >
              <path
                d="M20.5 3l-.16.03L15 5.1 9 3 3.36 4.9c-.21.07-.36.25-.36.48V20.5c0 .28.22.5.5.5l.16-.03L9 18.9l6 2.1 5.64-1.9c.21-.07.36-.25.36-.48V3.5c0-.28-.22-.5-.5-.5zM15 19l-6-2.11V5l6 2.11V19z"
              />
            </svg>
          </span>
          <span
            className="MuiTouchRipple-root"
          />
        </button>
      </div>
    </div>
  </div>
</div>
`;
